Begin printing
ID(Factorial)
Methods
MethodType(0)
MethodId(factorial)
MethodType(4)
MethodId(main)
